** Drc report for FCU_Mainboard_v3.kicad_pcb **
** Created on 2024-10-05T17:42:35+0200 **

** Found 1 DRC violations **
[silk_overlap]: Silkscreen overlap
    Rule: board setup constraints silk; warning (excluded)
    @(146,5500 mm, 33,4500 mm): Value 'A/THR' of J9
    @(143,7600 mm, 34,2700 mm): Segment on F.Silkscreen

** Found 26 unconnected pads **
[unconnected_items]: Missing connection between items
    Local override; error
    @(113,6125 mm, 85,3000 mm): Pad 2 [GND] of C19 on F.Cu
    @(117,7750 mm, 83,5050 mm): Track [GND] on F.Cu, length 0,2700 mm
[unconnected_items]: Missing connection between items
    Local override; error
    @(158,8385 mm, 97,5263 mm): Via [GND] on F.Cu - B.Cu
    @(158,0500 mm, 101,8125 mm): Pad 2 [GND] of C9 on F.Cu
[unconnected_items]: Missing connection between items
    Local override; error
    @(161,1375 mm, 105,3500 mm): Pad 2 [GND] of C13 on F.Cu
    @(158,0500 mm, 101,8125 mm): Pad 2 [GND] of C9 on F.Cu
[unconnected_items]: Missing connection between items
    Local override; error
    @(113,7625 mm, 98,7000 mm): Pad 1 [GND] of C18 on F.Cu
    @(114,6250 mm, 93,3750 mm): Pad 2 [GND] of XT12MHz1 on F.Cu
[unconnected_items]: Missing connection between items
    Local override; error
    @(165,8750 mm, 101,6750 mm): Pad 4 [GND] of XT16MHz1 on F.Cu
    @(161,2250 mm, 98,8250 mm): Track [GND] on F.Cu, length 1,4000 mm
[unconnected_items]: Missing connection between items
    Local override; error
    @(109,9750 mm, 90,5250 mm): Pad 4 [GND] of XT12MHz1 on F.Cu
    @(114,6250 mm, 93,3750 mm): Pad 2 [GND] of XT12MHz1 on F.Cu
[unconnected_items]: Missing connection between items
    Local override; error
    @(148,2375 mm, 86,0000 mm): Pad 2 [GND] of C7 on F.Cu
    @(154,2500 mm, 86,5000 mm): Pad 11 [GND] of U5 on F.Cu
[unconnected_items]: Missing connection between items
    Local override; error
    @(113,6125 mm, 85,3000 mm): Pad 2 [GND] of C19 on F.Cu
    @(109,9750 mm, 90,5250 mm): Pad 4 [GND] of XT12MHz1 on F.Cu
[unconnected_items]: Missing connection between items
    Local override; error
    @(165,8750 mm, 101,6750 mm): Pad 4 [GND] of XT16MHz1 on F.Cu
    @(171,9125 mm, 99,3000 mm): Pad 2 [GND] of C14 on F.Cu
[unconnected_items]: Missing connection between items
    Local override; error
    @(154,2500 mm, 86,5000 mm): Pad 11 [GND] of U5 on F.Cu
    @(156,7500 mm, 79,5000 mm): Track [GND] on F.Cu, length 1,3610 mm
[unconnected_items]: Missing connection between items
    Local override; error
    @(117,7750 mm, 83,5050 mm): Track [GND] on F.Cu, length 0,2700 mm
    @(122,7500 mm, 77,4375 mm): Pad 2 [GND] of C15 on F.Cu
[unconnected_items]: Missing connection between items
    Local override; error
    @(104,6875 mm, 98,7500 mm): Pad 1 [GND] of C16 on F.Cu
    @(113,7625 mm, 98,7000 mm): Pad 1 [GND] of C18 on F.Cu
[unconnected_items]: Missing connection between items
    Local override; error
    @(170,2500 mm, 88,0000 mm): Track [GND] on F.Cu, length 1,7110 mm
    @(165,7500 mm, 79,5000 mm): Track [GND] on F.Cu, length 1,2750 mm
[unconnected_items]: Missing connection between items
    Local override; error
    @(130,2125 mm, 83,5500 mm): Pad 2 [GND] of C17 on F.Cu
    @(122,7500 mm, 77,4375 mm): Pad 2 [GND] of C15 on F.Cu
[unconnected_items]: Missing connection between items
    Local override; error
    @(209,2500 mm, 109,8350 mm): Pad 12 [GND] of U4 on F.Cu
    @(200,1100 mm, 115,1000 mm): PTH pad 6 [GND] of J12
[unconnected_items]: Missing connection between items
    Local override; error
    @(125,9500 mm, 105,3500 mm): Pad 1 [GND] of U7 on F.Cu
    @(135,7500 mm, 109,3500 mm): Via [GND] on F.Cu - B.Cu
[unconnected_items]: Missing connection between items
    Local override; error
    @(85,8000 mm, 70,9350 mm): Pad 2 [GND] of C2 on F.Cu
    @(85,8000 mm, 82,3350 mm): Pad 2 [GND] of R31 on F.Cu
[unconnected_items]: Missing connection between items
    Local override; error
    @(227,4625 mm, 95,9000 mm): Pad 2 [GND] of C5 on F.Cu
    @(227,4500 mm, 107,3000 mm): Pad 2 [GND] of R9 on F.Cu
[unconnected_items]: Missing connection between items
    Local override; error
    @(85,8125 mm, 95,9350 mm): Pad 2 [GND] of C3 on F.Cu
    @(85,8000 mm, 107,4000 mm): Pad 2 [GND] of R7 on F.Cu
[unconnected_items]: Missing connection between items
    Local override; error
    @(227,2500 mm, 82,4000 mm): Pad 2 [GND] of R8 on F.Cu
    @(227,2625 mm, 70,9000 mm): Pad 2 [GND] of C4 on F.Cu
[unconnected_items]: Missing connection between items
    Local override; error
    @(227,4625 mm, 95,9000 mm): Pad 2 [GND] of C5 on F.Cu
    @(227,2500 mm, 82,4000 mm): Pad 2 [GND] of R8 on F.Cu
[unconnected_items]: Missing connection between items
    Local override; error
    @(85,8000 mm, 82,3350 mm): Pad 2 [GND] of R31 on F.Cu
    @(85,8125 mm, 95,9350 mm): Pad 2 [GND] of C3 on F.Cu
[unconnected_items]: Missing connection between items
    Local override; error
    @(113,7625 mm, 98,7000 mm): Pad 1 [GND] of C18 on F.Cu
    @(125,9500 mm, 105,3500 mm): Pad 1 [GND] of U7 on F.Cu
[unconnected_items]: Missing connection between items
    Local override; error
    @(211,3500 mm, 82,6500 mm): Via [GND] on F.Cu - B.Cu
    @(227,2500 mm, 82,4000 mm): Pad 2 [GND] of R8 on F.Cu
[unconnected_items]: Missing connection between items
    Local override; error
    @(85,8000 mm, 107,4000 mm): Pad 2 [GND] of R7 on F.Cu
    @(69,2500 mm, 109,8700 mm): Pad 12 [GND] of U2 on F.Cu
[unconnected_items]: Missing connection between items
    Local override; error
    @(69,2500 mm, 84,8700 mm): Track [GND] on F.Cu, length 2,4300 mm
    @(85,8000 mm, 82,3350 mm): Pad 2 [GND] of R31 on F.Cu

** Found 0 Footprint errors **

** End of Report **
